[www.fundaofwebit.com/post/doctor-appointment-booking-system-and-hospital-management-in-laravel.html]
[backblue.gif]
[fade.gif]
[index.html]
[www.fundaofwebit.com/post/doctor-appointment-booking-system-and-hospital-management-in-laravel.html]
[www.fundaofwebit.com/frontend/images/favicon.jpg]
[pagead2.googlesyndication.com/pagead/js/f.txt]
[www.fundaofwebit.com/frontend/images/logo.png]
[www.fundaofwebit.com/post/laravel-policy-using-spatie-roles-and-permission-tutorial-step-by-step.html]
[www.fundaofwebit.com/post/laravel-10-authorization-policy-tutorial-step-by-step-with-example.html]
[www.fundaofwebit.com/post/multi-guard-authentication-with-breeze-in-laravel-10.html]
[www.fundaofwebit.com/post/laravel-10-spatie-user-roles-and-permissions-tutorial.html]
[www.fundaofwebit.com/post/how-to-export-data-to-excel-file-with-different-format-in-laravel-10.html]
[www.fundaofwebit.com/post/how-to-import-excel-file-data-into-database-in-laravel.html]
[www.fundaofwebit.com/post/laravel-10-multiple-image-upload-with-example.html]
[www.fundaofwebit.com/post/ocr-integration-in-laravel-using-laraocr-package-with-tesseract.html]
[www.fundaofwebit.com/post/laravel-10-crud-with-image-upload-tutorial-with-example.html]
[www.fundaofwebit.com/post/different-ways-to-store-data-in-laravel-10.html]
[www.fundaofwebit.com/post/laravel-form-validation-tutorial-with-example.html]
[www.fundaofwebit.com/post/how-to-make-pagination-in-laravel.html]
[www.fundaofwebit.com/post/laravel-eloquent-model-tutorial-with-example.html]
[www.fundaofwebit.com/post/laravel-10-api-authentication-using-laravel-sanctum.html]
[www.fundaofwebit.com/post/laravel-blade-components-tutorial-with-example-all-about-components-in-laravel.html]
[www.fundaofwebit.com/post/laravel-migrations-tutorial-with-example.html]
[stackpath.bootstrapcdn.com/font-awesome/4.7.0/css/font-awesome.min.css]
[www.fundaofwebit.com/frontend/css/bootstrap5.min.css]
[www.fundaofwebit.com/frontend/css/custom2.css]
[www.fundaofwebit.com/frontend/images/personal-home.21.delayed]
[www.fundaofwebit.com/frontend/images/footer-bg.png]
[www.fundaofwebit.com/frontend/images/home1.jpg]
[www.fundaofwebit.com/frontend/css/custom.css]
[www.fundaofwebit.com/frontend/css/style.css]
[www.fundaofwebit.com/frontend/css/owl.video.play.png]
[www.fundaofwebit.com/frontend/css/owl.carousel.min.css]
[www.fundaofwebit.com/frontend/css/owl.theme.default.min.css]
[www.fundaofwebit.com/post/laravel-policy-using-spatie-roles-and-permission-tutorial-step-by-step.html]
[www.fundaofwebit.com/post/laravel-10-authorization-policy-tutorial-step-by-step-with-example.html]
[www.fundaofwebit.com/post/multi-guard-authentication-with-breeze-in-laravel-10.html]
[www.fundaofwebit.com/post/laravel-10-spatie-user-roles-and-permissions-tutorial.html]
[www.fundaofwebit.com/post/how-to-make-pagination-in-laravel.html]
[www.fundaofwebit.com/post/how-to-export-data-to-excel-file-with-different-format-in-laravel-10.html]
[www.fundaofwebit.com/post/how-to-import-excel-file-data-into-database-in-laravel.html]
[www.fundaofwebit.com/post/laravel-10-multiple-image-upload-with-example.html]
[www.fundaofwebit.com/post/ocr-integration-in-laravel-using-laraocr-package-with-tesseract.html]
[www.fundaofwebit.com/post/laravel-10-crud-with-image-upload-tutorial-with-example.html]
[www.fundaofwebit.com/post/laravel-10-api-authentication-using-laravel-sanctum.html]
[www.fundaofwebit.com/post/different-ways-to-store-data-in-laravel-10.html]
[www.fundaofwebit.com/post/laravel-form-validation-tutorial-with-example.html]
[www.fundaofwebit.com/post/laravel-eloquent-model-tutorial-with-example.html]
[www.fundaofwebit.com/post/laravel-migrations-tutorial-with-example.html]
[www.fundaofwebit.com/post/laravel-blade-components-tutorial-with-example-all-about-components-in-laravel.html]
[www.fundaofwebit.com/frontend/js/jquery-3.6.0.min.js]
[www.fundaofwebit.com/frontend/js/bootstrap5.bundle.min.js]
[www.fundaofwebit.com/frontend/js/owl.carousel.js]
[www.fundaofwebit.com/frontend/js/custom.js]
[www.fundaofwebit.com/frontend/images/personal-home.html]
[www.fundaofwebit.com/frontend/images/home1.html]
[www.fundaofwebit.com/post/how-to-create-layout-using-laravel-blade-components-in-laravel-9-10.html]
[www.fundaofwebit.com/post/laravel-10-crud-application-example-tutorial.html]
[www.fundaofwebit.com/frontend/images/yt-bg.png]
[www.fundaofwebit.com/frontend/css/owl.video.play.html]
[www.fundaofwebit.com/post/laravel-10-crud-application-example-tutorial.html]
[www.fundaofwebit.com/post/how-to-create-layout-using-laravel-blade-components-in-laravel-9-10.html]
