[www.yahoobaba.net/premium.html]
[www.yahoobaba.net/public/frontend/images/favicon.png]
[checkout.razorpay.com/v1/checkout.js]
[backblue.gif]
[fade.gif]
[index.html]
[www.yahoobaba.net/_https_/pagead2.googlesyndication.com/pagead/js/adsbygoogle.js/___/script_/r/n_!--.html]
[www.yahoobaba.net/premium.html]
[www.yahoobaba.net/public/frontend/css/bootstrap.min.css]
[www.yahoobaba.net/public/frontend/js/jquery.min.js]
[www.yahoobaba.net/public/build/assets/app-640b8096.js]
[www.yahoobaba.net/public/frontend/fonts/fontellod605.woff2]
[pagead2.googlesyndication.com/pagead/js/f.txt]
[www.yahoobaba.net/public/frontend/fonts/fontellod605.woff]
[www.yahoobaba.net/public/frontend/fonts/fontellod605.ttf]
[www.yahoobaba.net/public/frontend/css/style.css]
[www.yahoobaba.net/public/frontend/fonts/fontellod605.svg]
[www.yahoobaba.net/public/build/assets/app-0baf711e.css]
[www.yahoobaba.net/_https_/pagead2.googlesyndication.com/pagead/js/adsbygoogle.js/___/script_/r/n_!--.html]
[www.yahoobaba.net/public/frontend/fonts/fontellod605.eot]
[www.yahoobaba.net/public/frontend/fonts/fontellod605.svg]
[www.yahoobaba.net/public/build/assets/owl.video.play-04360456.png]
[www.yahoobaba.net/public/frontend/js/bootstrap.min.js]
[www.yahoobaba.net/public/frontend/js/main.js]
